{
  "response": "Hello, I am the mocked response"
}