[
  {
    "chat": {
      "messages": [
        {
          "text": "First question",
          "from": "user"
        }
      ]
    },
    "response": {
      "response": "First response"
    }
  },
  {
    "chat": {
      "messages": [
        {
          "text": "Second question",
          "from": "user"
        }
      ]
    },
    "response": {
      "response": "Second response"
    }
  },
  {
    "chat": {
      "messages": [
        {
          "text": "Third question",
          "from": "user"
        }
      ]
    },
    "response": {
      "response": "Third response"
    }
  }
]